#
# Copyright 2016-2018 The Reaktivity Project
#
# The Reaktivity Project licenses this file to you under the Apache License,
# version 2.0 (the "License"); you may not use this file except in compliance
# with the License. You may obtain a copy of the License at:
#
#   http://www.apache.org/licenses/LICENSE-2.0
#
# Unless required by applicable law or agreed to in writing, software
# distributed under the License is distributed on an "AS IS" BASIS, WITHOUT
# WARRANTIES OR CONDITIONS OF ANY KIND, either express or implied. See the
# License for the specific language governing permissions and limitations
# under the License.
#

property date ${http_cache:date()} # shared property
#property date2 ${http_cache:datePlus(2)} # shared property
property retryAfter ${http_cache:datePlus(3)} # shared property

accept await ROUTED_PROXY
        "nukleus://streams/target#0"
        option nukleus:window 8192
        option nukleus:transmission "half-duplex"
accepted

read nukleus:begin.ext ${http:headers()
                             .item(":scheme", "http")
                             .item(":method", "GET")
                             .item(":path", "/path")
                             .item(":authority", "localhost:8080")
                             .build()}

connected

read closed

write nukleus:begin.ext ${http:headers()
                              .item(":status", "503")
                              .item("retry-after", "0")
                              .build()}
write close


#
# retry attempt 1
#
accepted

read nukleus:begin.ext ${http:headers()
                             .item(":scheme", "http")
                             .item(":method", "GET")
                             .item(":path", "/path")
                             .item(":authority", "localhost:8080")
                             .build()}

connected

read closed

write nukleus:begin.ext ${http:headers()
                              .item(":status", "503")
                              .item("retry-after", "1")
                              .build()}
write close


#
# retry attempt 2
#
accepted

read nukleus:begin.ext ${http:headers()
                             .item(":scheme", "http")
                             .item(":method", "GET")
                             .item(":path", "/path")
                             .item(":authority", "localhost:8080")
                             .build()}

connected

read closed

write nukleus:begin.ext ${http:headers()
                              .item(":status", "503")
                              .item("retry-after", retryAfter)
                              .build()}
write close


#
# retry attempt 3
#
accepted

read nukleus:begin.ext ${http:headers()
                             .item(":scheme", "http")
                             .item(":method", "GET")
                             .item(":path", "/path")
                             .item(":authority", "localhost:8080")
                             .build()}

connected

read closed

write nukleus:begin.ext ${http:headers()
                              .item(":status", "200")
                              .item("content-length", "11")
                              .item("cache-control", "max-age=15")
                              .item("date", date)
                              .item("last-modified", date)
                              .build()}

write "hello world"

write close
