#
# Copyright 2016-2020 The Reaktivity Project
#
# The Reaktivity Project licenses this file to you under the Apache License,
# version 2.0 (the "License"); you may not use this file except in compliance
# with the License. You may obtain a copy of the License at:
#
#   http://www.apache.org/licenses/LICENSE-2.0
#
# Unless required by applicable law or agreed to in writing, software
# distributed under the License is distributed on an "AS IS" BASIS, WITHOUT
# WARRANTIES OR CONDITIONS OF ANY KIND, either express or implied. See the
# License for the specific language governing permissions and limitations
# under the License.
#

property date ${http_cache:date()}
property etag ${http_cache:strongEtag()} #shared
property etag2 ${http_cache:strongEtag()} #shared

accept await ROUTED_PROXY
        "nukleus://streams/http-cache#0"
        option nukleus:window 8192
        option nukleus:transmission "half-duplex"
        option nukleus:authorization 0x0001_000000_000000L

accepted

read nukleus:begin.ext ${http:beginEx()
                             .typeId(nukleus:id("http"))
                             .header(":scheme", "http")
                              .header("x-protocol-stack", "emulated")
                             .header(":method", "GET")
                             .header(":path", "/path")
                             .header(":authority", "localhost:8080")
                             .header("authorization", "some-authorization-value")
                             .build()}

connected

read closed

write nukleus:begin.ext ${http:beginEx()
                              .typeId(nukleus:id("http"))
                              .header(":status", "200")
                              .header("content-length", "11")
                              .header("date", date)
                              .header("surrogate-control", "max-age=1+10, x-protected")
                              .header("etag", etag)
                              .header("cache-control", "stale-while-revalidate=10")
                              .build()}

write flush

write "response #1"

write nukleus:data.ext ${http:dataEx()
                             .typeId(nukleus:id("http"))
                             .promise(":scheme", "http")
                             .promise(":method", "GET")
                             .promise(":path", "/path")
                             .promise(":authority", "localhost:8080")
                             .promise("cache-control", "max-age=0")
                             .promise("prefer", "wait=10")
                             .promise("if-none-match", etag)
                             .build()}

write flush

write close

accept await ROUTED_PROXY
        "nukleus://streams/http-cache#0"
        option nukleus:window 8192
        option nukleus:transmission "half-duplex"
        option nukleus:authorization 0x0002_000000_000000L

accepted

read nukleus:begin.ext ${http:beginEx()
                             .typeId(nukleus:id("http"))
                             .header(":scheme", "http")
                              .header("x-protocol-stack", "emulated")
                             .header(":method", "GET")
                             .header(":path", "/path")
                             .header(":authority", "localhost:8080")
                             .header("authorization", "some-authorization-value2")
                             .build()}

connected

read closed

write nukleus:begin.ext ${http:beginEx()
                              .typeId(nukleus:id("http"))
                              .header(":status", "200")
                              .header("content-length", "11")
                              .header("date", date)
                              .header("surrogate-control", "max-age=1+10, x-protected")
                              .header("etag", etag2)
                              .header("cache-control", "stale-while-revalidate=10")
                              .build()}

write flush

write "response #2"

write nukleus:data.ext ${http:dataEx()
                             .typeId(nukleus:id("http"))
                             .promise(":scheme", "http")
                             .promise(":method", "GET")
                             .promise(":path", "/path")
                             .promise(":authority", "localhost:8080")
                             .promise("cache-control", "max-age=0")
                             .promise("prefer", "wait=10")
                             .promise("if-none-match", etag2)
                             .build()}
write flush

write close
