#
# Copyright 2016-2017 The Reaktivity Project
#
# The Reaktivity Project licenses this file to you under the Apache License,
# version 2.0 (the "License"); you may not use this file except in compliance
# with the License. You may obtain a copy of the License at:
#
#   http://www.apache.org/licenses/LICENSE-2.0
#
# Unless required by applicable law or agreed to in writing, software
# distributed under the License is distributed on an "AS IS" BASIS, WITHOUT
# WARRANTIES OR CONDITIONS OF ANY KIND, either express or implied. See the
# License for the specific language governing permissions and limitations
# under the License.
#

property newProxyAcceptRef ${nukleus:newRouteRef()} # external scope
property response1Date ${http_cache:date()} # sharedProperty
property response2Date ${http_cache:datePlus(5)} # sharedProperty
property etag ${http_cache:strongEtag()} # sharedProperty

accept await ROUTED_PROXY
        "nukleus://http-cache/streams/source"
        option nukleus:route ${newProxyAcceptRef}
        option nukleus:window 8192
        option nukleus:transmission "half-duplex"
accepted

read nukleus:begin.ext ${http:headers()
                             .item(":scheme", "http")
                             .item(":method", "GET")
                             .item(":path", "/data")
                             .item(":authority", "localhost:8080")
                             .build()}

connected

read closed

write nukleus:begin.ext ${http:headers()
                              .item(":status", "200")
                              .item("content-length", "11")
                              .item("date", response1Date)
                              .item("surrogate-control", "max-age=1+100")
                              .item("etag", etag)
                              .item("cache-control", "stale-while-revalidate=100")
                              .build()}

write flush

write nukleus:data.ext ${http:headers()
                             .item(":scheme", "http")
                             .item(":method", "GET")
                             .item(":path", "/data")
                             .item(":authority", "localhost:8080")
                             .item("cache-control", "no-cache")
                             .item("prefer", "wait=100")
                             .item("if-none-match", etag)
                             .build()}
write "response #1"

write close

write notify CACHE_UPDATED #Assumed

accepted

read nukleus:begin.ext ${http:headers()
                             .item(":scheme", "http")
                             .item(":method", "GET")
                             .item(":path", "/data")
                             .item(":authority", "localhost:8080")
                             .item("cache-control", "no-cache")
                             .item("prefer", "wait=100")
                             .item("if-none-match", etag)
                             .build()}

connected

read closed

write nukleus:begin.ext ${http:headers()
                              .item(":status", "503")
                              .build()}
write abort

accepted

read nukleus:begin.ext ${http:headers()
                             .item(":scheme", "http")
                             .item(":method", "GET")
                             .item(":path", "/data")
                             .item(":authority", "localhost:8080")
                             .build()}

connected

read closed

write nukleus:begin.ext ${http:headers()
                              .item(":status", "200")
                              .item("content-length", "11")
                              .item("date", response1Date)
                              .item("surrogate-control", "max-age=1+100")
                              .item("etag", etag2)
                              .item("cache-control", "stale-while-revalidate=100")
                              .build()}

write flush

write nukleus:data.ext ${http:headers()
                             .item(":scheme", "http")
                             .item(":method", "GET")
                             .item(":path", "/data")
                             .item(":authority", "localhost:8080")
                             .item("cache-control", "no-cache")
                             .item("prefer", "wait=100")
                             .item("if-none-match", etag2)
                             .build()}
write "response #3"

write close

accepted

read nukleus:begin.ext ${http:headers()
                             .item(":scheme", "http")
                             .item(":method", "GET")
                             .item(":path", "/data")
                             .item(":authority", "localhost:8080")
                             .item("cache-control", "no-cache")
                             .item("prefer", "wait=100")
                             .item("if-none-match", etag2)
                             .build()}

connected

read closed

write nukleus:begin.ext ${http:headers()
                              .item(":status", "200")
                              .item("content-length", "11")
                              .item("date", response1Date)
                              .item("surrogate-control", "max-age=1+100")
                              .item("etag", etag3)
                              .item("cache-control", "stale-while-revalidate=100")
                              .build()}

write flush

write nukleus:data.ext ${http:headers()
                             .item(":scheme", "http")
                             .item(":method", "GET")
                             .item(":path", "/data")
                             .item(":authority", "localhost:8080")
                             .item("cache-control", "no-cache")
                             .item("prefer", "wait=100")
                             .item("if-none-match", etag3)
                             .build()}
write "response #4"

write close
